// Jest Snapshot v1, https://goo.gl/fbAQLP

exports[`Calculator component matches snapshot 1`] = `
<DocumentFragment>
  <div
    class="calc-container"
  >
    <input
      type="number"
      value="0"
    />
    <div
      class="button-container"
    >
      <button
        type="button"
      >
        AC
      </button>
      <button
        type="button"
      >
        +/-
      </button>
      <button
        type="button"
      >
        7
      </button>
      <button
        type="button"
      >
        8
      </button>
      <button
        type="button"
      >
        9
      </button>
      <button
        type="button"
      >
        4
      </button>
      <button
        type="button"
      >
        5
      </button>
      <button
        type="button"
      >
        6
      </button>
      <button
        type="button"
      >
        1
      </button>
      <button
        type="button"
      >
        2
      </button>
      <button
        type="button"
      >
        3
      </button>
      <button
        type="button"
      >
        +
      </button>
      <button
        type="button"
      >
        0
      </button>
      <button
        type="button"
      >
        .
      </button>
    </div>
    <div
      class="operators"
    >
      <button
        type="button"
        value="%"
      >
        %
      </button>
      <button
        type="button"
        value="+"
      >
        +
      </button>
      <button
        type="button"
        value="x"
      >
        x
      </button>
      <button
        type="button"
        value="-"
      >
        -
      </button>
      <button
        type="button"
        value="="
      >
        =
      </button>
    </div>
  </div>
</DocumentFragment>
`;
