// Jest Snapshot v1, https://goo.gl/fbAQLP

exports[`Navbar component matches snapshot 1`] = `
<DocumentFragment>
  <nav
    class="navbar"
  >
    <div
      class="navbar-brand"
    >
      <a
        href="/"
      >
        Math Magicians
      </a>
    </div>
    <ul
      class="navbar-menu"
    >
      <li
        class="navbar-item"
      >
        <a
          href="/"
        >
          Home
        </a>
      </li>
      <li
        class="navbar-item"
      >
        <a
          href="/Calculator"
        >
          Calculator
        </a>
      </li>
      <li
        class="navbar-item"
      >
        <a
          href="/Quote"
        >
          Quote
        </a>
      </li>
    </ul>
  </nav>
</DocumentFragment>
`;
